******************************************************************************
                  TI ARM Linker PC v20.2.4                     
******************************************************************************
>> Linked Sat Sep  4 18:19:39 2021

OUTPUT FILE NAME:   <simple_peripheral_CC26X2R1_AM2302_2.out>
ENTRY POINT SYMBOL: "ResetISR"  address: 00013b55


MEMORY CONFIGURATION

         name            origin    length      used     unused   attr    fill
----------------------  --------  ---------  --------  --------  ----  --------
  FLASH                 00000000   00056000  00020595  00035a6b  R  X
  FLASH_LAST_PAGE       00056000   00002000  00000058  00001fa8  R  X
  RTOS_SRAM             20000000   0000012c  000000e4  00000048  RW X
  SRAM                  20000fdf   00013021  00003402  0000fc1f  RW X


SEGMENT ALLOCATION MAP

run origin  load origin   length   init length attrs members
----------  ----------- ---------- ----------- ----- -------
00000000    00000000    0001c598   0001c598    r-x
  00000000    00000000    0000003c   0000003c    r-- .resetVecs
  0000003c    0000003c    00019d94   00019d94    r-x .text
  00019dd0    00019dd0    00002081   00002081    r-- .const
  0001be54    0001be54    00000144   00000144    r-- .rodata
  0001bf98    0001bf98    00000600   00000600    r-- .cinit
00048000    00048000    00004000   00000000    rw-
  00048000    00048000    00004000   00000000    rw- .TI.bound:flashBuf0
00057fa8    00057fa8    00000058   00000058    r--
  00057fa8    00057fa8    00000058   00000058    r-- .ccfg
20000100    20000100    0000000c   00000000    rw-
  20000100    20000100    00000004   00000000    rw- .data:xdcRomConstPtr
  20000104    20000104    00000004   00000000    rw- .data:xdcRomExternFuncPtr
  20000108    20000108    00000004   00000000    rw- .data:xdcRomStatePtr
20000fe0    20000fe0    00003002   00000000    rw-
  20000fe0    20000fe0    000015b4   00000000    rw- .data
  20002598    20002598    00001a4a   00000000    rw- .bss
20013c00    20013c00    00000400   00000000    rw-
  20013c00    20013c00    00000400   00000000    rw- .stack


SECTION ALLOCATION MAP

 output                                  attributes/
section   page    origin      length       input sections
--------  ----  ----------  ----------   ----------------
.cinit     0    0001bf98    00000600     
                  0001bf98    000005a6     (.cinit..data.load) [load image, compression = lzss]
                  0001c53e    00000002     --HOLE-- [fill = 0]
                  0001c540    0000000c     (__TI_handler_table)
                  0001c54c    00000004     --HOLE-- [fill = 0]
                  0001c550    00000008     (.cinit..bss.load) [load image, compression = zero_init]
                  0001c558    00000008     (.cinit..data:xdcRomConstPtr.load) [load image, compression = lzss]
                  0001c560    00000008     (.cinit..data:xdcRomExternFuncPtr.load) [load image, compression = lzss]
                  0001c568    00000008     (.cinit..data:xdcRomStatePtr.load) [load image, compression = lzss]
                  0001c570    00000028     (__TI_cinit_table)

.init_array 
*          0    00000000    00000000     UNINITIALIZED

.ccfg      0    00057fa8    00000058     
                  00057fa8    00000058     ti_devices_config.obj (.ccfg:retain)

.data:xdcRomConstPtr 
*          0    20000100    00000004     UNINITIALIZED
                  20000100    00000004     simple_peripheral_app_pem4f.oem4f (.data:xdcRomConstPtr)

.data:xdcRomExternFuncPtr 
*          0    20000104    00000004     UNINITIALIZED
                  20000104    00000004     simple_peripheral_app_pem4f.oem4f (.data:xdcRomExternFuncPtr)

.data:xdcRomStatePtr 
*          0    20000108    00000004     UNINITIALIZED
                  20000108    00000004     simple_peripheral_app_pem4f.oem4f (.data:xdcRomStatePtr)

.data      0    20000fe0    000015b4     UNINITIALIZED
                  20000fe0    00000508     rf_multiMode_cc26x2.a : RFCC26X2_multiMode.c.cc26x2.ccs.o (.data:$O1$$)
                  200014e8    000001d4     devinfoservice.obj (.data:$O1$$)
                  200016bc    000001a4     simple_peripheral.obj (.data:$O1$$)
                  20001860    00000170     drivers_cc26x2.a : PowerCC26X2.oem4f (.data:PowerCC26X2_module)
                  200019d0    00000124     simple_gatt_profile.obj (.data:$O1$$)
                  20001af4    0000010c     simple_peripheral_app_pem4f.oem4f (.data:ROM_stateStruct)
                  20001c00    000000f8     StackWrapper.a : gapbondmgr.o (.data)
                  20001cf8    000000b0     OneLib.a : gapgattserver.o (.data)
                  20001da8    0000009c     icall.obj (.data:$O1$$)
                  20001e44    00000064     OneLib.a : ll_config.o (.data)
                  20001ea8    00000060     nvocmp.obj (.data:$O1$$)
                  20001f08    00000054     ti_radio_config.obj (.data:pOverrides_bleCommon)
                  20001f5c    00000050     ti_radio_config.obj (.data:txPowerTable_2400_pa5)
                  20001fac    0000004c     simple_peripheral_app_pem4f.oem4f (.data:ti_sysbios_knl_Task_Object__table__V)
                  20001ff8    00000048     board_key.obj (.data:$O1$$)
                  20002040    00000048     simple_peripheral_app_pem4f.oem4f (.data:ti_sysbios_family_arm_cc26xx_Timer_Object__table__V)
                  20002088    00000040     OneLib.a : gattservapp.o (.data)
                  200020c8    00000040              : sm_pairing.o (.data)
                  20002108    00000040     ble_user_config.obj (.data:eccParams_NISTP256)
                  20002148    0000003c     icall_user_config.obj (.data:nvintfFncStruct)
                  20002184    00000038     simple_peripheral_app_pem4f.oem4f (.data:ti_sysbios_gates_GateMutex_Object__table__V)
                  200021bc    00000030     simple_peripheral_app_pem4f.oem4f (.data:ti_sysbios_knl_Swi_Module_State_0_readyQ__A)
                  200021ec    00000030     simple_peripheral_app_pem4f.oem4f (.data:ti_sysbios_knl_Swi_Object__table__V)
                  2000221c    00000030     simple_peripheral_app_pem4f.oem4f (.data:ti_sysbios_knl_Task_Module_State_0_readyQ__A)
                  2000224c    00000024     driverlib.lib : osc.obj (.data:$O1$$)
                  20002270    00000020     drivers_cc26x2.a : TRNGCC26XX.oem4f (.data:entropyPoolBuffer)
                  20002290    00000020     simple_peripheral_app_pem4f.oem4f (.data:ti_sysbios_knl_Clock_Object__table__V)
                  200022b0    00000020     simple_peripheral_app_pem4f.oem4f (.data:xdc_runtime_Error_IgnoreBlock)
                  200022d0    0000001c     ti_ble_config.obj (.data:advParams1)
                  200022ec    0000001c     ti_ble_config.obj (.data:advParams2)
                  20002308    00000018     simple_peripheral_app_pem4f.oem4f (.data:ti_sysbios_family_arm_m3_Hwi_Object__table__V)
                  20002320    00000015     ti_ble_config.obj (.data:advData1)
                  20002335    00000015     ti_ble_config.obj (.data:advData2)
                  2000234a    00000015     ti_ble_config.obj (.data:attDeviceName)
                  2000235f    00000015     ti_ble_config.obj (.data:scanResData1)
                  20002374    00000014     two_btn_menu.obj (.data:$O1$$)
                  20002388    00000014     StackWrapper.a : osal.o (.data)
                  2000239c    00000011     simple_gatt_profile.obj (.data:environmentalSensing_AdquisitionFrequencyDesc)
                  200023ad    00000003     simple_gatt_profile.obj (.data)
                  200023b0    00000010     ti_ble_config.obj (.data:$O1$$)
                  200023c0    00000010     OneLib.a : gattservapp.o (.data)
                  200023d0    00000010              : ll.o (.data)
                  200023e0    00000010              : ll_data.o (.data)
                  200023f0    00000010     icall_user_config.obj (.data:bleAppServiceInfoTable)
                  20002400    00000010     ti_drivers_config.obj (.data:gpioCallbackFunctions)
                  20002410    00000010     ti_drivers_config.obj (.data:gpioPinConfigs)
                  20002420    00000010     icall_api_lite.obj (.data)
                  20002430    00000010     ti_radio_config.obj (.data:pOverrides_ble2Mbps)
                  20002440    00000010     ti_radio_config.obj (.data:pOverrides_bleCoded)
                  20002450    00000010     main.obj (.data:user0Cfg)
                  20002460    0000000f     simple_gatt_profile.obj (.data:environmentalSensing_RelativeHumidityDesc)
                  2000246f    0000000f     simple_gatt_profile.obj (.data:environmentalSensing_TemperatureCelsiusDesc)
                  2000247e    00000002     OneLib.a : ll.o (.data)
                  20002480    0000000c     ti_radio_config.obj (.data:pOverrides_ble1Mbps)
                  2000248c    0000000c     simple_peripheral_app_pem4f.oem4f (.data:ti_sysbios_heaps_HeapCallback_Object__table__V)
                  20002498    00000009     devinfoservice.obj (.data)
                  200024a1    00000001     OneLib.a : gapgattserver.o (.data)
                  200024a2    00000002              : ll_config.o (.data)
                  200024a4    00000008     icall_cc2650.obj (.data:$O1$$)
                  200024ac    00000008     rtsv7M4_T_le_v4SPD16_eabi.lib : _lock.c.obj (.data:$O1$$)
                  200024b4    00000008     OneLib.a : gapgattserver.o (.data)
                  200024bc    00000008     rf_multiMode_cc26x2.a : RFCC26X2_multiMode.c.cc26x2.ccs.o (.data:RFCC26XX_schedulerPolicy)
                  200024c4    00000008     ble_user_config.obj (.data)
                  200024cc    00000008     drivers_cc26x2.a : PINCC26XX.oem4f (.data)
                  200024d4    00000008                      : TRNGCC26XX.oem4f (.data:jobList)
                  200024dc    00000008     simple_peripheral_app_pem4f.oem4f (.data:ti_sysbios_family_arm_m3_Hwi_Module__root__V)
                  200024e4    00000008     simple_peripheral_app_pem4f.oem4f (.data:ti_sysbios_gates_GateHwi_Module__root__V)
                  200024ec    00000008     simple_peripheral_app_pem4f.oem4f (.data:ti_sysbios_gates_GateMutexPri_Module__root__V)
                  200024f4    00000008     simple_peripheral_app_pem4f.oem4f (.data:ti_sysbios_gates_GateMutex_Module__root__V)
                  200024fc    00000008     simple_peripheral_app_pem4f.oem4f (.data:ti_sysbios_hal_Hwi_Module__root__V)
                  20002504    00000008     simple_peripheral_app_pem4f.oem4f (.data:ti_sysbios_heaps_HeapCallback_Module__root__V)
                  2000250c    00000008     simple_peripheral_app_pem4f.oem4f (.data:ti_sysbios_heaps_HeapMem_Module__root__V)
                  20002514    00000008     simple_peripheral_app_pem4f.oem4f (.data:ti_sysbios_knl_Clock_Module__root__V)
                  2000251c    00000008     simple_peripheral_app_pem4f.oem4f (.data:ti_sysbios_knl_Event_Module__root__V)
                  20002524    00000008     simple_peripheral_app_pem4f.oem4f (.data:ti_sysbios_knl_Mailbox_Module__root__V)
                  2000252c    00000008     simple_peripheral_app_pem4f.oem4f (.data:ti_sysbios_knl_Queue_Module__root__V)
                  20002534    00000008     simple_peripheral_app_pem4f.oem4f (.data:ti_sysbios_knl_Semaphore_Module__root__V)
                  2000253c    00000008     simple_peripheral_app_pem4f.oem4f (.data:ti_sysbios_knl_Swi_Module__root__V)
                  20002544    00000008     simple_peripheral_app_pem4f.oem4f (.data:ti_sysbios_knl_Task_Module__root__V)
                  2000254c    00000005     drivers_cc26x2.a : GPIOCC26XX.oem4f (.data)
                  20002551    00000001     OneLib.a : gapgattserver.o (.data)
                  20002552    00000002     StackWrapper.a : osal_cbtimer.o (.data)
                  20002554    00000004     OneLib.a : ll_slave_end_causes.o (.data)
                  20002558    00000004     StackWrapper.a : hal_assert.o (.data)
                  2000255c    00000004     ble_user_config_stack.obj (.data)
                  20002560    00000004     rtsv7M4_T_le_v4SPD16_eabi.lib : stkdepth_vars.c.obj (.data)
                  20002564    00000004     ti_ble_config.obj (.data)
                  20002568    00000004     simple_peripheral_app_pem4f.oem4f (.data:ti_sysbios_family_arm_m3_Hwi_Module_State_0_excContext__A)
                  2000256c    00000004     simple_peripheral_app_pem4f.oem4f (.data:ti_sysbios_family_arm_m3_Hwi_Module_State_0_excStack__A)
                  20002570    00000004     simple_peripheral_app_pem4f.oem4f (.data:ti_sysbios_knl_Task_Module_State_0_idleTask__A)
                  20002574    00000002     drivers_cc26x2.a : CryptoResourceCC26XX.oem4f (.data)
                  20002576    00000002                      : PKAResourceCC26XX.oem4f (.data)
                  20002578    00000002                      : TRNGCC26XX.oem4f (.data)
                  2000257a    00000002     simple_peripheral_app_pem4f.oem4f (.data:ti_sysbios_family_arm_m3_Hwi_Module_State_0_excActive__A)
                  2000257c    00000001     OneLib.a : gapgattserver.o (.data)
                  2000257d    00000001              : gapgattserver.o (.data)
                  2000257e    00000001              : gapgattserver.o (.data)
                  2000257f    00000001              : gapgattserver.o (.data)
                  20002580    00000001              : gattservapp.o (.data)
                  20002581    00000001              : gattservapp.o (.data)
                  20002582    00000001              : ll.o (.data)
                  20002583    00000001              : ll_ae.o (.data)
                  20002584    00000001              : ll_data.o (.data)
                  20002585    00000001              : ll_scheduler.o (.data)
                  20002586    00000001              : sm_task.o (.data)
                  20002587    00000001     StackWrapper.a : gap.o (.data)
                  20002588    00000001                    : gap.o (.data)
                  20002589    00000001                    : hal_assert.o (.data)
                  2000258a    00000001     simple_peripheral.obj (.data:argPeriodic)
                  2000258b    00000001     simple_peripheral.obj (.data:argRpaRead)
                  2000258c    00000001     drivers_cc26x2.a : AESCCMCC26XX.oem4f (.data)
                  2000258d    00000001                      : AESCTRCC26XX.oem4f (.data)
                  2000258e    00000001                      : AESCTRDRBGXX.oem4f (.data)
                  2000258f    00000001                      : AESECBCC26XX.oem4f (.data)
                  20002590    00000001                      : ECDHCC26X2.oem4f (.data)
                  20002591    00000001                      : NVS.oem4f (.data)
                  20002592    00000001                      : UART.oem4f (.data)
                  20002593    00000001     rf_multiMode_cc26x2.a : rf_patch_cpe_bt5.c.cc26x2.ccs.o (.data)

.bss       0    20002598    00001a4a     UNINITIALIZED
                  20002598    00000800     AM2302.obj (.bss:readAM2302TaskStack)
                  20002d98    00000400     (.common:spTaskStack)
                  20003198    00000300     simple_peripheral_app_pem4f.oem4f (.bss:taskStackSection)
                  20003498    000001bc     (.common:uartCC26XXObjects)
                  20003654    000000d8     (.common:ti_sysbios_family_arm_m3_Hwi_dispatchTable)
                  2000372c    00000084     (.common:trngCC26XXObjects)
                  200037b0    00000080     ti_drivers_config.obj (.bss:displayUARTBuffer)
                  20003830    0000007c     (.common:pinHandleTable)
                  200038ac    00000078     AM2302.obj (.bss:$O1$$)
                  20003924    00000078     StackWrapper.a : osal_cbtimer.o (.bss)
                  2000399c    00000064     simple_peripheral_menu.obj (.bss:$O1$$)
                  20003a00    00000058     (.common:aesctrdrbgXXObjects)
                  20003a58    00000050     drivers_cc26x2.a : PINCC26XX.oem4f (.bss:pinSemaphore)
                  20003aa8    00000050     (.common:CryptoResourceCC26XX_accessSemaphore)
                  20003af8    00000050     (.common:CryptoResourceCC26XX_operationSemaphore)
                  20003b48    00000050     (.common:PKAResourceCC26XX_accessSemaphore)
                  20003b98    00000050     (.common:PKAResourceCC26XX_operationSemaphore)
                  20003be8    0000004c     (.common:gptimerCC26XXObjects)
                  20003c34    0000003c     StackWrapper.a : osal_snv_wrapper.o (.bss)
                  20003c70    0000003c     drivers_cc26x2.a : PINCC26XX.oem4f (.bss:pinSwi)
                  20003cac    00000024     OneLib.a : ll.o (.bss)
                  20003cd0    00000020              : gattservapp.o (.bss)
                  20003cf0    00000020     StackWrapper.a : gapbondmgr.o (.bss)
                  20003d10    00000020                    : gapbondmgr.o (.bss)
                  20003d30    00000020     drivers_cc26x2.a : GPIOCC26XX.oem4f (.bss:gpioCallbackInfo)
                  20003d50    00000020                      : PINCC26XX.oem4f (.bss:pinGpioConfigTable)
                  20003d70    00000020     ti_drivers_config.obj (.bss:uartCC26XXRingBuffer0)
                  20003d90    00000020     (.common:ecdhCC26X2Objects)
                  20003db0    0000001c     drivers_cc26x2.a : TRNGCC26XX.oem4f (.bss:TRNGCC26XX_hwi)
                  20003dcc    0000001c                      : TRNGCC26XX.oem4f (.bss:entropyPool)
                  20003de8    0000001c                      : PINCC26XX.oem4f (.bss:pinHwi)
                  20003e04    0000001c     (.common:CryptoResourceCC26XX_hwi)
                  20003e20    0000001c     (.common:PKAResourceCC26XX_hwi)
                  20003e3c    00000018     OneLib.a : gapgattserver.o (.bss)
                  20003e54    00000018              : ll_common.o (.bss)
                  20003e6c    00000018     (.common:aesccmCC26XXObjects)
                  20003e84    00000018     (.common:aesctrCC26XXObjects)
                  20003e9c    00000018     (.common:aesecbCC26XXObjects)
                  20003eb4    00000014     rf_multiMode_cc26x2.a : RFCC26X2_multiMode.c.cc26x2.ccs.o (.bss:RF_ratSyncCmd)
                  20003ec8    00000014     drivers_cc26x2.a : Random.oem4f (.bss:state)
                  20003edc    00000010     util.obj (.bss:str$1)
                  20003eec    0000000c     OneLib.a : ll.o (.bss)
                  20003ef8    0000000c              : ll.o (.bss)
                  20003f04    0000000c              : ll_scheduler.o (.bss)
                  20003f10    0000000c     drivers_cc26x2.a : NVSCC26XX.oem4f (.bss)
                  20003f1c    0000000c     (.common:displayUartObject)
                  20003f28    00000008     OneLib.a : ll.o (.bss)
                  20003f30    00000008              : ll_ae.o (.bss)
                  20003f38    00000008     drivers_cc26x2.a : GPIOCC26XX.oem4f (.bss)
                  20003f40    00000004     OneLib.a : gapgattserver.o (.bss)
                  20003f44    00000004              : gattservapp.o (.bss)
                  20003f48    00000004              : linkdb.o (.bss)
                  20003f4c    00000004              : ll.o (.bss)
                  20003f50    00000004              : ll.o (.bss)
                  20003f54    00000004              : ll.o (.bss)
                  20003f58    00000004              : ll.o (.bss)
                  20003f5c    00000004              : ll.o (.bss)
                  20003f60    00000004              : ll_ae.o (.bss)
                  20003f64    00000004              : ll_common.o (.bss)
                  20003f68    00000004              : ll_enc.o (.bss)
                  20003f6c    00000004              : ll_privacy.o (.bss)
                  20003f70    00000004     StackWrapper.a : gapbondmgr.o (.bss)
                  20003f74    00000004                    : gapbondmgr.o (.bss)
                  20003f78    00000004                    : osal.o (.bss)
                  20003f7c    00000004                    : osal.o (.bss)
                  20003f80    00000004                    : osal.o (.bss)
                  20003f84    00000004                    : osal.o (.bss)
                  20003f88    00000004                    : osal.o (.bss)
                  20003f8c    00000004                    : osal.o (.bss)
                  20003f90    00000004                    : osal_bufmgr.o (.bss)
                  20003f94    00000004                    : osal_clock.o (.bss)
                  20003f98    00000004                    : osal_clock.o (.bss)
                  20003f9c    00000004                    : osal_timers.o (.bss)
                  20003fa0    00000004                    : osal_timers.o (.bss)
                  20003fa4    00000004                    : osal_timers.o (.bss)
                  20003fa8    00000004     drivers_cc26x2.a : ECDHCC26X2.oem4f (.bss)
                  20003fac    00000004                      : PINCC26XX.oem4f (.bss)
                  20003fb0    00000004     (.common:PowerCC26XX_swiKey)
                  20003fb4    00000004     (.common:PowerCC26XX_taskKey)
                  20003fb8    00000004     (.common:nvsCC26XXObjects)
                  20003fbc    00000004     (.common:tasksEvents)
                  20003fc0    00000002     OneLib.a : gapgattserver.o (.bss)
                  20003fc2    00000002              : ll.o (.bss)
                  20003fc4    00000002              : ll_slave_end_causes.o (.bss)
                  20003fc6    00000002     StackWrapper.a : osal_pwrmgr.o (.bss)
                  20003fc8    00000001     OneLib.a : gapgattserver.o (.bss)
                  20003fc9    00000001              : gattservapp.o (.bss)
                  20003fca    00000001              : hci_tl.o (.bss)
                  20003fcb    00000001              : hci_tl.o (.bss)
                  20003fcc    00000001              : hci_tl.o (.bss)
                  20003fcd    00000001              : hci_tl.o (.bss)
                  20003fce    00000001              : hci_tl.o (.bss)
                  20003fcf    00000001              : hci_tl.o (.bss)
                  20003fd0    00000001              : ll.o (.bss)
                  20003fd1    00000001              : ll.o (.bss)
                  20003fd2    00000001              : ll.o (.bss)
                  20003fd3    00000001              : ll.o (.bss)
                  20003fd4    00000001              : ll_ae.o (.bss)
                  20003fd5    00000001              : ll_config.o (.bss)
                  20003fd6    00000001              : ll_config.o (.bss)
                  20003fd7    00000001              : ll_enc.o (.bss)
                  20003fd8    00000001              : ll_isr.o (.bss)
                  20003fd9    00000001              : sm_task.o (.bss)
                  20003fda    00000001     StackWrapper.a : ble_dispatch_lite.o (.bss)
                  20003fdb    00000001                    : gapbondmgr.o (.bss)
                  20003fdc    00000001                    : gapbondmgr.o (.bss)
                  20003fdd    00000001                    : hal_assert.o (.bss)
                  20003fde    00000001                    : osal.o (.bss)
                  20003fdf    00000001                    : osal_pwrmgr.o (.bss)
                  20003fe0    00000001     rf_multiMode_cc26x2.a : RFCC26X2_multiMode.c.cc26x2.ccs.o (.bss)
                  20003fe1    00000001     (.common:driverlib_release_0_60278)

.vtable    0    20003fe2    00000000     UNINITIALIZED

.vtable_ram 
*          0    20003fe2    00000000     UNINITIALIZED

vtable_ram 
*          0    20003fe2    00000000     UNINITIALIZED

.sysmem    0    20003fe2    00000000     UNINITIALIZED

.nonretenvar 
*          0    20003fe2    00000000     UNINITIALIZED

.stack     0    20013c00    00000400     UNINITIALIZED
                  20013c00    00000400     --HOLE--

.bootVecs 
*          0    00000000    00000008     DSECT
                  00000000    00000008     boot.aem4f : boot.oem4f (.bootVecs)

.resetVecs 
*          0    00000000    0000003c     
                  00000000    0000003c     simple_peripheral_app_pem4f.oem4f (.resetVecs)

.vecs      0    20000000    000000d8     NOLOAD SECTION
                  20000000    000000d8     simple_peripheral_app_pem4f.oem4f (.vecs)

xdc.meta   0    00000000    0000010c     COPY SECTION
                  00000000    0000010c     simple_peripheral_app_pem4f.oem4f (xdc.meta)

xdc.noload 
*          0    00000000    00000000     COPY SECTION

.TI.bound:flashBuf0 
*          0    00048000    00004000     UNINITIALIZED
                  00048000    00004000     ti_drivers_config.obj (.TI.bound:flashBuf0)

.text      0    0000003c    00019d94     
                  0000003c    00000b58     StackWrapper.a : gapbondmgr.o (.text)
                  00000b94    000008a8     simple_peripheral.obj (.text:SimplePeripheral_taskFxn)
                  0000143c    000006f8     OneLib.a : ll_adv_end_causes.o (.text)
                  00001b34    00000650     StackWrapper.a : gapbondmgr.o (.text)
                  00002184    00000514     simple_peripheral.obj (.text:SimplePeripheral_processGapMessage)
                  00002698    000004f0     OneLib.a : ll_ae.o (.text)
                  00002b88    000004b0     rf_multiMode_cc26x2.a : RFCC26X2_multiMode.c.cc26x2.ccs.o (.text:RF_fsmActiveState)
                  00003038    00000488     OneLib.a : ll_slave_end_causes.o (.text)
                  000034c0    00000470              : ll_isr.o (.text)
                  00003930    00000450              : ll.o (.text)
                  00003d80    000003c4              : ble.o (.text)
                  00004144    000003c4              : ll_slave_end_causes.o (.text)
                  00004508    000003a4              : ll_isr.o (.text)
                  000048ac    000003a4              : ll_scheduler.o (.text)
                  00004c50    00000334              : ll_scheduler.o (.text)
                  00004f84    00000330              : ll_ae.o (.text)
                  000052b4    00000320              : ll.o (.text)
                  000055d4    000002c4              : ll_ae.o (.text)
                  00005898    000002c0              : ll_isr.o (.text)
                  00005b58    000002b0     StackWrapper.a : gapbondmgr.o (.text)
                  00005e08    00000298     rf_multiMode_cc26x2.a : RFCC26X2_multiMode.c.cc26x2.ccs.o (.text:RF_open)
                  000060a0    00000274     OneLib.a : ll_ae.o (.text)
                  00006314    0000025c     nvocmp.obj (.text:NVOCMP_addItem)
                  00006570    0000025c     StackWrapper.a : gapbondmgr.o (.text)
                  000067cc    00000248     OneLib.a : ll_data.o (.text)
                  00006a14    00000248              : ll_isr.o (.text)
                  00006c5c    00000230     drivers_cc26x2.a : ECDHCC26X2.oem4f (.text:ECDHCC26X2_runFSM)
                  00006e8c    00000224     OneLib.a : ll_common.o (.text)
                  000070b0    00000218     nvocmp.obj (.text:NVOCMP_initNv)
                  000072c8    00000210     rf_multiMode_cc26x2.a : RFCC26X2_multiMode.c.cc26x2.ccs.o (.text:RF_scheduleCmd)
                  000074d8    00000204     OneLib.a : gattservapp.o (.text)
                  000076dc    000001f4     drivers_cc26x2.a : PINCC26XX.oem4f (.text:PIN_init)
                  000078d0    000001e0     StackWrapper.a : osal.o (.text)
                  00007ab0    000001dc     rf_multiMode_cc26x2.a : RFCC26X2_multiMode.c.cc26x2.ccs.o (.text:RF_dispatchNextCmd)
                  00007c8c    000001d8     OneLib.a : ll.o (.text)
                  00007e64    000001bc     main.obj (.text:AssertHandler)
                  00008020    000001a8     OneLib.a : ll_scheduler.o (.text)
                  000081c8    0000019c     simple_peripheral_menu.obj (.text:SimplePeripheral_buildMenu)
                  00008364    0000019c     ble_user_config_stack.obj (.text:setBleUserConfig)
                  00008500    00000198     drivers_cc26x2.a : PowerCC26X2.oem4f (.text:Power_sleep)
                  00008698    00000196     OneLib.a : ll_common.o (.text)
                  0000882e    00000002     ti_drivers_config.obj (.text:Board_initHook)
                  00008830    00000190     drivers_cc26x2.a : PowerCC26X2_calibrateRCOSC.oem4f (.text:calibrateRcoscHf1)
                  000089c0    0000018c                      : PowerCC26X2_calibrateRCOSC.oem4f (.text:runCalibrateFsm)
                  00008b4c    00000184     nvocmp.obj (.text:NVOCMP_compact)
                  00008cd0    00000184     simple_peripheral.obj (.text:SimplePeripheral_doAutoConnect)
                  00008e54    0000017c     OneLib.a : ll_isr.o (.text)
                  00008fd0    00000174              : gattservapp.o (.text)
                  00009144    00000174     drivers_cc26x2.a : PowerCC26X2.oem4f (.text:Power_init)
                  000092b8    00000168     OneLib.a : ll_common.o (.text)
                  00009420    00000164              : ll_ae.o (.text)
                  00009584    00000164     drivers_cc26x2.a : UARTCC26XX.oem4f (.text:UARTCC26XX_open)
                  000096e8    00000162     StackWrapper.a : osal.o (.text)
                  0000984a    00000002     ble_user_config.obj (.text:DefaultAssertCback)
                  0000984c    00000158     OneLib.a : ll_common.o (.text)
                  000099a4    00000154     rf_multiMode_cc26x2.a : RFCC26X2_multiMode.c.cc26x2.ccs.o (.text:RF_radioOpDoneCb)
                  00009af8    00000154     drivers_cc26x2.a : UARTCC26XX.oem4f (.text:UARTCC26XX_hwiIntFxn)
                  00009c4c    00000150     OneLib.a : gap_task.o (.text)
                  00009d9c    0000014c              : ll_isr.o (.text)
                  00009ee8    00000148     rf_multiMode_cc26x2.a : RFCC26X2_multiMode.c.cc26x2.ccs.o (.text:RF_fsmSetupState)
                  0000a030    00000144     StackWrapper.a : gap.o (.text)
                  0000a174    00000140     OneLib.a : gattservapp.o (.text)
                  0000a2b4    0000013c     drivers_cc26x2.a : AESCCMCC26XX.oem4f (.text:AESCCM_startOperation)
                  0000a3f0    0000013a                      : UARTCC26XX.oem4f (.text:UARTCC26XX_read)
                  0000a52a    00000002     display.a : DisplayUart.oem4f (.text:DisplayUartAnsi_init)
                  0000a52c    00000138     drivers_cc26x2.a : ECDHCC26X2.oem4f (.text:ECDH_computeSharedSecret)
                  0000a664    00000138                      : NVSCC26XX.oem4f (.text:NVSCC26XX_write)
                  0000a79c    00000138     rf_multiMode_cc26x2.a : RFCC26X2_multiMode.c.cc26x2.ccs.o (.text:RF_abortCmd)
                  0000a8d4    00000138                           : RFCC26X2_multiMode.c.cc26x2.ccs.o (.text:RF_ratSetupChannel)
                  0000aa0c    00000128     AM2302.obj (.text:readAM2302TaskFunc)
                  0000ab34    00000122     icall.obj (.text:ICall_waitMatch)
                  0000ac56    00000002     rom_init.obj (.text:MAP_llClearPeriodicAdvSets)
                  0000ac58    00000120     nvocmp.obj (.text:NVOCMP_compactPage)
                  0000ad78    00000120     OneLib.a : ll_common.o (.text)
                  0000ae98    00000120              : ll_data.o (.text)
                  0000afb8    00000120     drivers_cc26x2.a : PowerCC26X2.oem4f (.text:configureXOSCHF)
                  0000b0d8    0000011c     OneLib.a : ll_isr.o (.text)
                  0000b1f4    00000114              : ll_common.o (.text)
                  0000b308    00000114     drivers_cc26x2.a : PINCC26XX.oem4f (.text:PINCC26XX_setIoCfg)
                  0000b41c    00000110                      : GPIOCC26XX.oem4f (.text:GPIO_setConfig)
                  0000b52c    0000010c     OneLib.a : gatt_client.o (.text)
                  0000b638    00000108     drivers_cc26x2.a : AESECBCC26XX.oem4f (.text:AESECB_startOperation)
                  0000b740    00000106     simple_peripheral_app_pem4f.oem4f (.text:xdc_runtime_System_printfExtend__I)
                  0000b846    00000002     rom_init.obj (.text:MAP_llClearPeriodicScanSets)
                  0000b848    00000104     rf_multiMode_cc26x2.a : RFCC26X2_multiMode.c.cc26x2.ccs.o (.text:RF_hwiCpe0Active)
                  0000b94c    00000104     simple_peripheral.obj (.text:SimplePeripheral_doSetConnPhy)
                  0000ba50    00000100     nvocmp.obj (.text:NVOCMP_findItem)
                  0000bb50    000000fe     OneLib.a : ll_scheduler.o (.text)
                  0000bc4e    00000002     rom_init.obj (.text:MAP_llDmmDynamicFree)
                  0000bc50    000000fc     OneLib.a : ll_scheduler.o (.text)
                  0000bd4c    000000fc              : ll_scheduler.o (.text)
                  0000be48    000000fc     rf_multiMode_cc26x2.a : RFCC26X2_multiMode.c.cc26x2.ccs.o (.text:RF_decodeOverridePointers)
                  0000bf44    000000f8     drivers_cc26x2.a : AESCTRCC26XX.oem4f (.text:AESCTR_startOperation)
                  0000c03c    000000f8     OneLib.a : sm_rsppairing.o (.text)
                  0000c134    000000f4              : ll_scheduler.o (.text)
                  0000c228    000000f0     driverlib.lib : sys_ctrl.obj (.text:NOROM_SysCtrlStandby)
                  0000c318    000000f0     OneLib.a : ll_ae.o (.text)
                  0000c408    000000f0     rf_multiMode_cc26x2.a : RFCC26X2_multiMode.c.cc26x2.ccs.o (.text:RF_fsmPowerUpState)
                  0000c4f8    000000ec     OneLib.a : gap_advertiser.o (.text)
                  0000c5e4    000000ec              : ll_common.o (.text)
                  0000c6d0    000000e4              : gapgattserver.o (.text)
                  0000c7b4    000000e4              : ll_ae.o (.text)
                  0000c898    000000e0     devinfoservice.obj (.text:DevInfo_SetParameter)
                  0000c978    000000e0     StackWrapper.a : osal_timers.o (.text)
                  0000ca58    000000e0     drivers_cc26x2.a : UARTCC26XX.oem4f (.text:UARTCC26XX_write)
                  0000cb38    000000dc     OneLib.a : ll_ae.o (.text)
                  0000cc14    000000dc     simple_peripheral.obj (.text:SimplePeripheral_menuSwitchCb)
                  0000ccf0    000000d8     rf_multiMode_cc26x2.a : RFCC26X2_multiMode.c.cc26x2.ccs.o (.text:RF_control)
                  0000cdc8    000000d8                           : RFCC26X2_multiMode.c.cc26x2.ccs.o (.text:RF_pendCmd)
                  0000cea0    000000d4     drivers_cc26x2.a : ECDHCC26X2.oem4f (.text:ECDH_generatePublicKey)
                  0000cf74    000000d2     rf_multiMode_cc26x2.a : RFCC26X2_multiMode.c.cc26x2.ccs.o (.text:RF_updatePaConfiguration)
                  0000d046    00000002     rom_init.obj (.text:MAP_llDmmSetThreshold)
                  0000d048    000000d0     simple_peripheral.obj (.text:SimplePeripheral_processParamUpdate)
                  0000d118    000000cc     driverlib.lib : aes.obj (.text:NOROM_AESWriteToKeyStore)
                  0000d1e4    000000cc     OneLib.a : hci_event.o (.text)
                  0000d2b0    000000cc     rf_multiMode_cc26x2.a : RFCC26X2_multiMode.c.cc26x2.ccs.o (.text:RF_swiHw)
                  0000d37c    000000cc     StackWrapper.a : osal.o (.text)
                  0000d448    000000c8     OneLib.a : gap_scanner.o (.text)
                  0000d510    000000c8              : gapgattserver.o (.text)
                  0000d5d8    000000c8              : ll_ae.o (.text)
                  0000d6a0    000000c8     dpl_cc26x2.a : PowerCC26X2_tirtos.oem4f (.text:PowerCC26XX_standbyPolicy)
                  0000d768    000000c0     nvocmp.obj (.text:NVOCMP_erase)
                  0000d828    000000c0     OneLib.a : ll.o (.text)
                  0000d8e8    000000c0              : ll_isr.o (.text)
                  0000d9a8    000000c0     drivers_cc26x2.a : PowerCC26X2.oem4f (.text:Power_releaseDependency)
                  0000da68    000000c0                      : TRNGCC26XX.oem4f (.text:TRNG_getRandom)
                  0000db28    000000c0                      : UARTCC26XX.oem4f (.text:UARTCC26XX_initIO)
                  0000dbe8    000000c0     ti_ble_config.obj (.text:setBondManagerParameters)
                  0000dca8    000000bc     drivers_cc26x2.a : AESCTRDRBGXX.oem4f (.text:AESCTRDRBG_construct)
                  0000dd64    000000bc                      : AESCTRDRBGXX.oem4f (.text:AESCTRDRBG_getRandomBytes)
                  0000de20    000000bc     OneLib.a : ble.o (.text)
                  0000dedc    000000bc              : ll_ecc.o (.text)
                  0000df98    000000bc              : ll_scheduler.o (.text)
                  0000e054    000000bc     rf_multiMode_cc26x2.a : RFCC26X2_multiMode.c.cc26x2.ccs.o (.text:RF_initRadioSetup)
                  0000e110    000000b8     OneLib.a : ll.o (.text)
                  0000e1c8    000000b8              : ll_slave_end_causes.o (.text)
                  0000e280    000000b8     drivers_cc26x2.a : PowerCC26X2.oem4f (.text:Power_setDependency)
                  0000e338    000000b8     StackWrapper.a : gapbondmgr.o (.text)
                  0000e3f0    000000b8     drivers_cc26x2.a : UARTCC26XX.oem4f (.text:UARTCC26XX_initHw)
                  0000e4a8    000000b4                      : AESCTRDRBGXX.oem4f (.text:AESCTRDRBG_reseed)
                  0000e55c    000000b0     OneLib.a : ll_enc.o (.text)
                  0000e60c    000000b0     devinfoservice.obj (.text:devInfo_ReadAttrCB)
                  0000e6bc    000000ac     display.a : DisplayUart.oem4f (.text:DisplayUartAnsi_clearLines)
                  0000e768    000000ac     drivers_cc26x2.a : ECDHCC26X2.oem4f (.text:ECDHCC26X2_hwiFxn)
                  0000e814    000000ac     OneLib.a : ll_ae.o (.text)
                  0000e8c0    000000ac     drivers_cc26x2.a : PINCC26XX.oem4f (.text:PIN_open)
                  0000e96c    000000ac     driverlib.lib : setup.obj (.text:TrimAfterColdResetWakeupFromShutDown)
                  0000ea18    000000a8     nvocmp.obj (.text:NVOCMP_initNvApi)
                  0000eac0    000000a8     OneLib.a : hci_data.o (.text)
                  0000eb68    000000a8              : ll.o (.text)
                  0000ec10    000000a8              : ll_common.o (.text)
                  0000ecb8    000000a8     StackWrapper.a : gapbondmgr.o (.text)
                  0000ed60    000000a7     display.a : DisplayUart.oem4f (.text:DisplayUartAnsi_open)
                  0000ee07    00000001     --HOLE-- [fill = 0]
                  0000ee08    000000a4     OneLib.a : ll_ae.o (.text)
                  0000eeac    000000a4     rf_multiMode_cc26x2.a : RFCC26X2_multiMode.c.cc26x2.ccs.o (.text:RF_ratRestartChannels)
                  0000ef50    000000a4     StackWrapper.a : gapbondmgr.o (.text)
                  0000eff4    000000a4                    : osal_cbtimer.o (.text)
                  0000f098    000000a0     OneLib.a : gattservapp.o (.text)
                  0000f138    000000a0              : ll_common.o (.text)
                  0000f1d8    000000a0              : ll_scheduler.o (.text)
                  0000f278    000000a0     auto_init.aem4f : auto_init.oem4f (.text)
                  0000f318    000000a0     rom_sysbios.aem4f : rom_sysbios.obj (.text:ti_sysbios_knl_Task_setPri__E)
                  0000f3b8    0000009f     display.a : DisplayUart.oem4f (.text:DisplayUartAnsi_vprintf)
                  0000f457    00000001     --HOLE-- [fill = 0]
                  0000f458    0000009c     nvocmp.obj (.text:NVOCMP_readHeader)
                  0000f4f4    0000009c     OneLib.a : ll_common.o (.text)
                  0000f590    0000009c              : ll_ecc.o (.text)
                  0000f62c    0000009c     drivers_cc26x2.a : TRNGCC26XX.oem4f (.text:TRNG_construct)
                  0000f6c8    0000009c     rtsv7M4_T_le_v4SPD16_eabi.lib : memcpy_t2.asm.obj (.text)
                  0000f764    00000098     driverlib.lib : setup.obj (.text:NOROM_SetupTrimDevice)
                  0000f7fc    00000098     OneLib.a : gattservapp.o (.text)
                  0000f894    00000098              : hci_event.o (.text)
                  0000f92c    00000098     rf_multiMode_cc26x2.a : RFCC26X2_multiMode.c.cc26x2.ccs.o (.text:RF_calculateDispatchTime)
                  0000f9c4    00000098     drivers_cc26x2.a : TRNGCC26XX.oem4f (.text:TRNGCC26XX_hwiFxn)
                  0000fa5c    00000098                      : UARTCC26XX.oem4f (.text:writeTxFifoFlush)
                  0000faf4    00000096     rtsv7M4_T_le_v4SPD16_eabi.lib : ull_div_t2.asm.obj (.text)
                  0000fb8a    00000002     rom_init.obj (.text:MAP_llEndPeriodicScanTask)
                  0000fb8c    00000094     icall.obj (.text:ICall_setTimer)
                  0000fc20    00000094     OneLib.a : gatt_server.o (.text)
                  0000fcb4    00000094              : ll.o (.text)
                  0000fd48    00000094              : ll_common.o (.text)
                  0000fddc    00000094              : ll_scheduler.o (.text)
                  0000fe70    00000092              : gap_task.o (.text)
                  0000ff02    00000092     drivers_cc26x2.a : UARTCC26XX.oem4f (.text:UARTCC26XX_writeCancel)
                  0000ff94    00000090     icall.obj (.text:ICall_heapMalloc)
                  00010024    00000090     OneLib.a : ll.o (.text)
                  000100b4    00000090              : ll_ae.o (.text)
                  00010144    00000090     rf_multiMode_cc26x2.a : RFCC26X2_multiMode.c.cc26x2.ccs.o (.text:RF_discardPendCmd)
                  000101d4    00000090                           : RFCC26X2_multiMode.c.cc26x2.ccs.o (.text:RF_getInfo)
                  00010264    00000090     osal_icall_ble.obj (.text:osalInitTasks)
                  000102f4    0000008e     drivers_cc26x2.a : CryptoUtils.oem4f (.text:CryptoUtils_reverseCopyPad)
                  00010382    00000002     rom_init.obj (.text:MAP_llMaster_TaskEnd)
                  00010384    0000008c     rom_sysbios.aem4f : rom_sysbios.obj (.text:ti_sysbios_gates_GateMutexPri_enter__E)
                  00010410    0000008a     drivers_cc26x2.a : AESCTRDRBGXX.oem4f (.text:AESCTRDRBGXX_updateState)
                  0001049a    00000002     rom_init.obj (.text:MAP_llPeriodicAdv_PostProcess)
                  0001049c    00000088     drivers_cc26x2.a : GPTimerCC26XX.oem4f (.text:GPTimerCC26XX_open)
                  00010524    00000088     driverlib.lib : osc.obj (.text:NOROM_OSCHF_AttemptToSwitchToXosc)
                  000105ac    00000088     OneLib.a : hci_event.o (.text)
                  00010634    00000088              : ll_isr.o (.text)
                  000106bc    00000088     rf_multiMode_cc26x2.a : RFCC26X2_multiMode.c.cc26x2.ccs.o (.text:RF_cmdDispatchTime)
                  00010744    00000088     StackWrapper.a : osal_cbtimer.o (.text)
                  000107cc    00000088     drivers_cc26x2.a : PowerCC26X2_calibrateRCOSC.oem4f (.text:calibrateRcoscHf2)
                  00010854    00000088                      : PowerCC26X2.oem4f (.text:disableLFClockQualifiers)
                  000108dc    00000088                      : PowerCC26X2_calibrateRCOSC.oem4f (.text:updateSubSecInc)
                  00010964    00000084     OneLib.a : ll_ae.o (.text)
                  000109e8    00000084     rf_multiMode_cc26x2.a : RFCC26X2_multiMode.c.cc26x2.ccs.o (.text:RF_issueRadioFreeCb)
                  00010a6c    00000084                           : RFCC26X2_multiMode.c.cc26x2.ccs.o (.text:RF_verifyGap)
                  00010af0    00000084     simple_peripheral.obj (.text:SimplePeripheral_updatePHYStat)
                  00010b74    00000084     drivers_cc26x2.a : UARTCC26XX.oem4f (.text:UARTCC26XX_close)
                  00010bf8    00000080     simple_gatt_profile.obj (.text:EnvironmentalSensing_WriteAttrCB)
                  00010c78    00000080     driverlib.lib : chipinfo.obj (.text:NOROM_ChipInfo_GetChipType)
                  00010cf8    00000080                   : sys_ctrl.obj (.text:NOROM_SysCtrlSetRechargeBeforePowerDown)
                  00010d78    00000080     drivers_cc26x2.a : NVSCC26XX.oem4f (.text:NVSCC26XX_open)
                  00010df8    00000080     OneLib.a : ll_enc.o (.text)
                  00010e78    00000080     icall.obj (.text:icall_directAPI)
                  00010ef8    00000080     two_btn_menu.obj (.text:tbm_displayItemPage)
                  00010f78    00000080     rom_sysbios.aem4f : rom_sysbios.obj (.text:ti_sysbios_family_arm_cc26xx_Timer_start__E)
                  00010ff8    0000007e     OneLib.a : gap_task.o (.text)
                  00011076    00000002     rom_init.obj (.text:MAP_llProcessPeriodicScanRxFIFO)
                  00011078    0000007c     board_key.obj (.text:Board_initKeys)
                  000110f4    0000007c     icall.obj (.text:ICall_heapInit)
                  00011170    0000007c     nvocmp.obj (.text:NVOCMP_readItemApi)
                  000111ec    0000007c     OneLib.a : ll_common.o (.text)
                  00011268    0000007c     rf_multiMode_cc26x2.a : RFCC26X2_multiMode.c.cc26x2.ccs.o (.text:RF_ratFreeChannel)
                  000112e4    0000007c     StackWrapper.a : gapbondmgr.o (.text)
                  00011360    0000007a     OneLib.a : gattservapp.o (.text)
                  000113da    0000007a     rtsv7M4_T_le_v4SPD16_eabi.lib : memset_t2.asm.obj (.text)
                  00011454    00000078     OneLib.a : ll_common.o (.text)
                  000114cc    00000078     StackWrapper.a : osal_cbtimer.o (.text)
                  00011544    00000078     main.obj (.text:main)
                  000115bc    00000078     rom_sysbios.aem4f : rom_sysbios.obj (.text:ti_sysbios_heaps_HeapMem_allocUnprotected__E)
                  00011634    00000076     OneLib.a : ll_common.o (.text)
                  000116aa    00000076     StackWrapper.a : gap.o (.text)
                  00011720    00000074     simple_gatt_profile.obj (.text:EnvironmentalSensing_AddService)
                  00011794    00000074     icall_cc2650.obj (.text:ICallPlatform_pwrUpdActivityCounter)
                  00011808    00000074     nvocmp.obj (.text:NVOCMP_checkItem)
                  0001187c    00000074     nvocmp.obj (.text:NVOCMP_writeItemApi)
                  000118f0    00000074     OneLib.a : ll_enc.o (.text)
                  00011964    00000074     drivers_cc26x2.a : PowerCC26X2_calibrateRCOSC.oem4f (.text:PowerCC26X2_auxISR)
                  000119d8    00000074     rf_multiMode_cc26x2.a : RFCC26X2_multiMode.c.cc26x2.ccs.o (.text:RF_ratDisableChannel)
                  00011a4c    00000074     two_btn_menu.obj (.text:tbm_displayItem)
                  00011ac0    00000074     rom_sysbios.aem4f : rom_sysbios.obj (.text:ti_sysbios_gates_GateMutexPri_leave__E)
                  00011b34    00000072     rf_multiMode_cc26x2.a : RFCC26X2_multiMode.c.cc26x2.ccs.o (.text:RF_detachOverrides)
                  00011ba6    00000002     rom_init.obj (.text:MAP_llSetPeriodicSyncInfo)
                  00011ba8    00000070     drivers_cc26x2.a : AESCCMCC26XX.oem4f (.text:AESCCM_cleanup)
                  00011c18    00000070     icall.obj (.text:ICall_createRemoteTasksAtRuntime)
                  00011c88    00000070     rf_multiMode_cc26x2.a : rfc.c.cc26x2.ccs.o (.text:NOROM_RFCAnaDivTxOverride)
                  00011cf8    00000070     nvocmp.obj (.text:NVOCMP_eraseNvApi)
                  00011d68    00000070     OneLib.a : gatt_server.o (.text)
                  00011dd8    00000070              : ll_ae.o (.text)
                  00011e48    00000070              : ll_common.o (.text)
                  00011eb8    00000070              : ll_enc.o (.text)
                  00011f28    00000070     drivers_cc26x2.a : PINCC26XX.oem4f (.text:PIN_add)
                  00011f98    00000070     rf_multiMode_cc26x2.a : RFCC26X2_multiMode.c.cc26x2.ccs.o (.text:RF_getCurrentTime)
                  00012008    00000070     drivers_cc26x2.a : Random.oem4f (.text:Random_seedAutomatic)
                  00012078    00000070     StackWrapper.a : osal.o (.text)
                  000120e8    0000006e     OneLib.a : gatt_server.o (.text)
                  00012156    0000006e     rf_multiMode_cc26x2.a : RFCC26X2_multiMode.c.cc26x2.ccs.o (.text:RF_attachOverrides)
                  000121c4    0000006e                           : RFCC26X2_multiMode.c.cc26x2.ccs.o (.text:RF_howToSchedule)
                  00012232    00000002     rom_init.obj (.text:MAP_llUpdateCteState)
                  00012234    0000006d     rom_sysbios.aem4f : rom_sysbios.obj (.text:xdc_runtime_System_formatNum__I)
                  000122a1    00000001     --HOLE-- [fill = 0]
                  000122a2    00000002     rom_init.obj (.text:MAP_llUpdatePeriodicAdvChainPacket)
                  000122a4    0000006c     nvocmp.obj (.text:NVOCMP_getDstPage)
                  00012310    0000006c     OneLib.a : ll_isr.o (.text)
                  0001237c    0000006c     rf_multiMode_cc26x2.a : RFCC26X2_multiMode.c.cc26x2.ccs.o (.text:RF_dispatchNextEvent)
                  000123e8    0000006c     simple_peripheral.obj (.text:SimplePeripheral_clearConnListEntry)
                  00012454    0000006c     StackWrapper.a : osal_cbtimer.o (.text)
                  000124c0    00000068     drivers_cc26x2.a : CryptoUtils.oem4f (.text:CryptoUtils_copyPad)
                  00012528    00000068     icall.obj (.text:ICall_enrollService)
                  00012590    00000068     icall.obj (.text:ICall_send)
                  000125f8    00000068     icall.obj (.text:ICall_sendServiceComplete)
                  00012660    00000068     driverlib.lib : osc.obj (.text:NOROM_OSCHF_SwitchToRcOscTurnOffXosc)
                  000126c8    00000068     OneLib.a : gap_task.o (.text)
                  00012730    00000068              : gattservapp.o (.text)
                  00012798    00000068              : ll.o (.text)
                  00012800    00000068              : ll_ae.o (.text)
                  00012868    00000068     rf_multiMode_cc26x2.a : RFCC26X2_multiMode.c.cc26x2.ccs.o (.text:RF_hwiHw)
                  000128d0    00000068     StackWrapper.a : osal_timers.o (.text)
                  00012938    00000068     rtsv7M4_T_le_v4SPD16_eabi.lib : copy_decompress_lzss.c.obj (.text:decompress:lzss:__TI_decompress_lzss)
                  000129a0    00000066     OneLib.a : ll_common.o (.text)
                  00012a06    00000066     StackWrapper.a : icall_lite_translation.o (.text)
                  00012a6c    00000064     drivers_cc26x2.a : AESCCMCC26XX.oem4f (.text:AESCCM_waitForResult)
                  00012ad0    00000064                      : AESCTRCC26XX.oem4f (.text:AESCTR_waitForResult)
                  00012b34    00000064                      : AESECBCC26XX.oem4f (.text:AESECB_waitForResult)
                  00012b98    00000064     nvocmp.obj (.text:NVOCMP_findSignature)
                  00012bfc    00000064     OneLib.a : gapgattserver.o (.text)
                  00012c60    00000064              : gattservapp.o (.text)
                  00012cc4    00000064              : ll_scheduler.o (.text)
                  00012d28    00000064     drivers_cc26x2.a : UARTCC26XX.oem4f (.text:UARTCC26XX_control)
                  00012d8c    00000062     ti_drivers_config.obj (.text:Board_sendExtFlashByte)
                  00012dee    00000062     rf_multiMode_cc26x2.a : RFCC26X2_multiMode.c.cc26x2.ccs.o (.text:RF_syncCb)
                  00012e50    00000062     drivers_cc26x2.a : UARTCC26XX.oem4f (.text:UARTCC26XX_swiIntFxn)
                  00012eb2    00000002     rom_init.obj (.text:MAP_rf_patch_mce)
                  00012eb4    00000060     drivers_cc26x2.a : AESCCMCC26XX.oem4f (.text:AESCCM_hwiFxn)
                  00012f14    00000060                      : AESCTRCC26XX.oem4f (.text:AESCTR_hwiFxn)
                  00012f74    00000060                      : AESECBCC26XX.oem4f (.text:AESECB_hwiFxn)
                  00012fd4    00000060                      : CryptoResourceCC26XX.oem4f (.text:CryptoResourceCC26XX_constructRTOSObjects)
                  00013034    00000060                      : GPIOCC26XX.oem4f (.text:GPIO_write)
                  00013094    00000060     OneLib.a : ll_common.o (.text)
                  000130f4    00000060              : sm_pairing.o (.text)
                  00013154    00000060     drivers_cc26x2.a : PKAResourceCC26XX.oem4f (.text:PKAResourceCC26XX_constructRTOSObjects)
                  000131b4    00000060     rf_multiMode_cc26x2.a : RFCC26X2_multiMode.c.cc26x2.ccs.o (.text:RF_applyRfCorePatch)
                  00013214    00000060     StackWrapper.a : gapbondmgr.o (.text)
                  00013274    00000060     drivers_cc26x2.a : TRNGCC26XX.oem4f (.text:TRNGCC26XX_startTrng)
                  000132d4    00000060     osal_icall_ble.obj (.text:stack_main)
                  00013334    0000005e     icall.obj (.text:ICall_fetchMsg)
                  00013392    0000005e     OneLib.a : ll_common.o (.text)
                  000133f0    0000005c     display.a : Display.oem4f (.text:Display_doOpen)
                  0001344c    0000005c     nvocmp.obj (.text:NVOCMP_readItem)
                  000134a8    0000005c     OneLib.a : gap_perilinkmgr.o (.text)
                  00013504    0000005c              : ll_scheduler.o (.text)
                  00013560    0000005c              : sm_intpairing.o (.text)
                  000135bc    0000005c              : sm_rsppairing.o (.text)
                  00013618    0000005c     drivers_cc26x2.a : PINCC26XX.oem4f (.text:PIN_remove)
                  00013674    0000005c     rf_multiMode_cc26x2.a : RFCC26X2_multiMode.c.cc26x2.ccs.o (.text:RF_hwiCpe0PowerFsm)
                  000136d0    0000005c     drivers_cc26x2.a : NVSCC26XX.oem4f (.text:doErase)
                  0001372c    0000005c                      : UARTCC26XX.oem4f (.text:startTxFifoEmptyClk)
                  00013788    0000005c     simple_peripheral_app_pem4f.oem4f (.text:xdc_runtime_Startup_getState__I)
                  000137e4    00000058     drivers_cc26x2.a : ECDHCC26X2.oem4f (.text:ECDH_construct)
                  0001383c    00000058     icall.obj (.text:ICall_wait)
                  00013894    00000058     OneLib.a : ll_ae.o (.text)
                  000138ec    00000058              : ll_common.o (.text)
                  00013944    00000058              : ll_enc.o (.text)
                  0001399c    00000058              : ll_isr.o (.text)
                  000139f4    00000058              : sm_pairing.o (.text)
                  00013a4c    00000058     drivers_cc26x2.a : PowerCC26X2_calibrateRCOSC.oem4f (.text:PowerCC26X2_initiateCalibration)
                  00013aa4    00000058     StackWrapper.a : sm_ecc.o (.text)
                  00013afc    00000058     drivers_cc26x2.a : TRNGCC26XX.oem4f (.text:TRNG_init)
                  00013b54    00000058     boot.aem4f : boot.oem4f (.text)
                  00013bac    00000058     AM2302.obj (.text:init_Timer_Temp)
                  00013c04    00000058     rom_sysbios.aem4f : rom_sysbios.obj (.text:ti_sysbios_heaps_HeapMem_alloc__E)
                  00013c5c    00000056     gattservapp_util.obj (.text:GATTServApp_ProcessCCCWriteReq)
                  00013cb2    00000056     rf_multiMode_cc26x2.a : RFCC26X2_multiMode.c.cc26x2.ccs.o (.text:RF_defaultSubmitPolicy)
                  00013d08    00000054     drivers_cc26x2.a : AESCCMCC26XX.oem4f (.text:AESCCM_construct)
                  00013d5c    00000054                      : AESCTRCC26XX.oem4f (.text:AESCTR_construct)
                  00013db0    00000054                      : AESECBCC26XX.oem4f (.text:AESECB_construct)
                  00013e04    00000054     icall.obj (.text:HEAPMGR_GETLARGESTFREEBUF)
                  00013e58    00000054     driverlib.lib : prcm.obj (.text:NOROM_PRCMPowerDomainsAllOff)
                  00013eac    00000054     nvocmp.obj (.text:NVOCMP_doNVCRC)
                  00013f00    00000054     drivers_cc26x2.a : NVSCC26XX.oem4f (.text:NVSCC26XX_init)
                  00013f54    00000054     OneLib.a : gattservapp.o (.text)
                  00013fa8    00000054              : hci_event.o (.text)
                  00013ffc    00000054              : ll.o (.text)
                  00014050    00000054              : ll_ae.o (.text)
                  000140a4    00000054              : ll_ae.o (.text)
                  000140f8    00000054              : ll_ae.o (.text)
                  0001414c    00000054     rf_multiMode_cc26x2.a : RFCC26X2_multiMode.c.cc26x2.ccs.o (.text:RF_fsmXOSCState)
                  000141a0    00000054     simple_peripheral.obj (.text:SimplePeripheral_updateRPA)
                  000141f4    00000054     StackWrapper.a : osal_bufmgr.o (.text)
                  00014248    00000054     drivers_cc26x2.a : StructRingBuf.oem4f (.text:StructRingBuf_put)
                  0001429c    00000054     dpl_cc26x2.a : SwiP_tirtos.oem4f (.text:SwiP_construct)
                  000142f0    00000054     util.obj (.text:Util_constructClock)
                  00014344    00000054     util.obj (.text:Util_convertBdAddr2Str)
                  00014398    00000054     rf_multiMode_cc26x2.a : rf_patch_cpe_bt5.c.cc26x2.ccs.o (.text:configureBt5Patch)
                  000143ec    00000052     OneLib.a : gap_centlinkmgr.o (.text)
                  0001443e    00000050     drivers_cc26x2.a : AESCTRDRBGXX.oem4f (.text:AESCTRDRBGXX_addBigendCounter)
                  0001448e    00000002     rom_init.obj (.text:MAP_rf_patch_rfe)
                  00014490    00000050     drivers_cc26x2.a : GPIOCC26XX.oem4f (.text:GPIO_enableInt)
                  000144e0    00000050                      : GPTimerCC26XX.oem4f (.text:GPTimerCC26XX_registerInterrupt)
                  00014530    00000050     nvocmp.obj (.text:NVOCMP_compactNvApi)
                  00014580    00000050     OneLib.a : gap_perilinkmgr.o (.text)
                  000145d0    00000050              : hci_tl.o (.text)
                  00014620    00000050              : ll_common.o (.text)
                  00014670    00000050              : ll_enc.o (.text)
                  000146c0    00000050     StackWrapper.a : osal.o (.text)
                  00014710    00000050                    : osal_clock.o (.text)
                  00014760    00000050     drivers_cc26x2.a : TRNGCC26XX.oem4f (.text:TRNGCC26XX_waitForResult)
                  000147b0    0000004e     StackWrapper.a : gap.o (.text)
                  000147fe    00000002     rf_multiMode_cc26x2.a : rfc.c.cc26x2.ccs.o (.text:NOROM_RFCCpePatchReset)
                  00014800    0000004c     drivers_cc26x2.a : GPTimerCC26XX.oem4f (.text:GPTimerCC26XX_initHw)
                  0001484c    0000004c                      : GPTimerCC26XX.oem4f (.text:GPTimerCC26XX_start)
                  00014898    0000004c     icall.obj (.text:ICall_newTask)
                  000148e4    0000004c     icall.obj (.text:ICall_registerApp)
                  00014930    0000004c     driverlib.lib : prcm.obj (.text:NOROM_PRCMPowerDomainsAllOn)
                  0001497c    0000004c     nvocmp.obj (.text:NVOCMP_loadApiPtrsMin)
                  000149c8    0000004c     nvocmp.obj (.text:NVOCMP_setItemInactive)
                  00014a14    0000004c     OneLib.a : ble.o (.text)
                  00014a60    0000004c              : gap_scanner.o (.text)
                  00014aac    0000004c              : ll_scheduler.o (.text)
                  00014af8    0000004c              : ll_scheduler.o (.text)
                  00014b44    0000004c     rf_multiMode_cc26x2.a : RFCC26X2_multiMode.c.cc26x2.ccs.o (.text:RF_wakeupNotification)
                  00014b90    0000004c     drivers_cc26x2.a : StructRingBuf.oem4f (.text:StructRingBuf_get)
                  00014bdc    0000004c                      : UARTCC26XX.oem4f (.text:UARTCC26XX_readCancel)
                  00014c28    0000004c     rtsv7M4_T_le_v4SPD16_eabi.lib : cpy_tbl.c.obj (.text:copy_in)
                  00014c74    0000004a     simple_gatt_profile.obj (.text:EnvironmentalSensing_ReadAttrCB)
                  00014cbe    00000002     OneLib.a : ll.o (.text)
                  00014cc0    00000048     ti_drivers_config.obj (.text:Board_wakeUpExtFlash)
                  00014d08    00000048     simple_gatt_profile.obj (.text:EnvironmentalSensing_SetParameter)
                  00014d50    00000048     drivers_cc26x2.a : GPTimerCC26XX.oem4f (.text:GPTimerCC26XXHwiFxn)
                  00014d98    00000048     icall.obj (.text:ICall_getEntityId)
                  00014de0    00000048     driverlib.lib : aes.obj (.text:NOROM_AESStartDMAOperation)
                  00014e28    00000048     rf_multiMode_cc26x2.a : rfc.c.cc26x2.ccs.o (.text:NOROM_RFCSynthPowerDown)
                  00014e70    00000048     nvocmp.obj (.text:NVOCMP_write)
                  00014eb8    00000048     drivers_cc26x2.a : NVS.oem4f (.text:NVS_open)
                  00014f00    00000048     OneLib.a : att_util.o (.text)
                  00014f48    00000048              : gattservapp.o (.text)
                  00014f90    00000048              : ll.o (.text)
                  00014fd8    00000048              : ll.o (.text)
                  00015020    00000048              : ll_common.o (.text)
                  00015068    00000048     drivers_cc26x2.a : PINCC26XX.oem4f (.text:PIN_setOutputEnable)
                  000150b0    00000048                      : PowerCC26X2_calibrateRCOSC.oem4f (.text:PowerCC26X2_RCOSC_clockFunc)
                  000150f8    00000048                      : PowerCC26X2.oem4f (.text:PowerCC26XX_switchXOSC_HF)
                  00015140    00000048     simple_peripheral.obj (.text:SimplePeripheral_doSelectConn)
                  00015188    00000048     drivers_cc26x2.a : NVSCC26XX.oem4f (.text:disableFlashCache)
                  000151d0    00000048                      : PowerCC26X2.oem4f (.text:switchXOSCHF)
                  00015218    00000048     two_btn_menu.obj (.text:tbm_buttonRight)
                  00015260    00000048     drivers_cc26x2.a : UARTCC26XX.oem4f (.text:writeFinishedDoCallback)
                  000152a8    00000046                      : RingBuf.oem4f (.text:RingBuf_put)
                  000152ee    00000002     OneLib.a : ll.o (.text)
                  000152f0    00000044     drivers_cc26x2.a : ECDHCC26X2.oem4f (.text:ECDHCC26X2_waitForResult)
                  00015334    00000044                      : GPIOCC26XX.oem4f (.text:GPIO_disableInt)
                  00015378    00000044     driverlib.lib : chipinfo.obj (.text:NOROM_ChipInfo_GetHwRevision)
                  000153bc    00000044     nvocmp.obj (.text:NVOCMP_getFreeNvApi)
                  00015400    00000044     drivers_cc26x2.a : NVSCC26XX.oem4f (.text:NVSCC26XX_read)
                  00015444    00000044     OneLib.a : ll.o (.text)
                  00015488    00000044              : ll.o (.text)
                  000154cc    00000044              : ll_ae.o (.text)
                  00015510    00000044              : ll_ae.o (.text)
                  00015554    00000044              : ll_common.o (.text)
                  00015598    00000044     drivers_cc26x2.a : PINCC26XX.oem4f (.text:PIN_swi)
                  000155dc    00000044     StackWrapper.a : osal.o (.text)
                  00015620    00000044                    : osal_timers.o (.text)
                  00015664    00000044     drivers_cc26x2.a : UART.oem4f (.text:UART_init)
                  000156a8    00000042     OneLib.a : ll.o (.text)
                  000156ea    00000042              : ll_common.o (.text)
                  0001572c    00000040     dpl_cc26x2.a : ClockP_tirtos.oem4f (.text:ClockP_construct)
                  0001576c    00000040     drivers_cc26x2.a : ECDHCC26X2.oem4f (.text:ECDHCC26X2_convertReturnValue)
                  000157ac    00000040                      : ECDHCC26X2.oem4f (.text:ECDHCC26X2_getPublicKeyResult)
                  000157ec    00000040     driverlib.lib : osc.obj (.text:NOROM_OSC_HPOSCRelativeFrequencyOffsetGet)
                  0001582c    00000040     OneLib.a : gap_configmgr.o (.text)
                  0001586c    00000040              : gattservapp.o (.text)
                  000158ac    00000040              : linkdb.o (.text)
                  000158ec    00000040              : ll_common.o (.text)
                  0001592c    00000040              : ll_common.o (.text)
                  0001596c    00000040              : sm_intpairing.o (.text)
                  000159ac    00000040     drivers_cc26x2.a : PowerCC26X2.oem4f (.text:PowerCC26XX_isStableXOSC_HF)
                  000159ec    00000040                      : Random.oem4f (.text:Random_getNumber)
                  00015a2c    00000040                      : RingBuf.oem4f (.text:RingBuf_get)
                  00015a6c    00000040     StackWrapper.a : osal.o (.text)
                  00015aac    00000040                    : osal_bufmgr.o (.text)
                  00015aec    00000040                    : osal_bufmgr.o (.text)
                  00015b2c    00000040                    : osal_timers.o (.text)
                  00015b6c    00000040     drivers_cc26x2.a : TRNGCC26XX.oem4f (.text:TRNGCC26XX_copyToClient)
                  00015bac    00000040                      : UART.oem4f (.text:UART_open)
                  00015bec    00000040     AM2302.obj (.text:init_task_Temp)
                  00015c2c    00000040     rtsv7M4_T_le_v4SPD16_eabi.lib : u_divt2.asm.obj (.text)
                  00015c6c    00000040     rom_sysbios.aem4f : rom_sysbios.obj (.text:ti_sysbios_family_arm_cc26xx_Timer_setThreshold__I)
                  00015cac    00000040                       : rom_sysbios.obj (.text:ti_sysbios_heaps_HeapCallback_Module_startup__E)
                  00015cec    0000003e     dpl_cc26x2.a : HwiP_tirtos.oem4f (.text:HwiP_construct)
                  00015d2a    0000003e     OneLib.a : ll_common.o (.text)
                  00015d68    0000003e     simple_peripheral.obj (.text:SimplePeripheral_passcodeCb)
                  00015da6    0000003e     drivers_cc26x2.a : TRNGCC26XX.oem4f (.text:TRNGCC26XX_serviceJob)
                  00015de4    0000003c     nvocmp.obj (.text:NVOCMP_disableCache)
                  00015e20    0000003c     OneLib.a : gap_linkmgr.o (.text)
                  00015e5c    0000003c              : gattservapp.o (.text)
                  00015e98    0000003c              : gattservapp.o (.text)
                  00015ed4    0000003c              : gattservapp.o (.text)
                  00015f10    0000003c              : linkdb.o (.text)
                  00015f4c    0000003c              : ll_ae.o (.text)
                  00015f88    0000003c     drivers_cc26x2.a : PINCC26XX.oem4f (.text:PIN_setInterrupt)
                  00015fc4    0000003c                      : PINCC26XX.oem4f (.text:PIN_setOutputValue)
                  00016000    0000003c     rf_multiMode_cc26x2.a : RFCC26X2_multiMode.c.cc26x2.ccs.o (.text:RF_cmdGet)
                  0001603c    0000003c                           : RFCC26X2_multiMode.c.cc26x2.ccs.o (.text:RF_cmdStoreEvents)
                  00016078    0000003c     simple_peripheral.obj (.text:SimplePeripheral_createTask)
                  000160b4    0000003c     simple_peripheral.obj (.text:SimplePeripheral_stopAutoPhyChange)
                  000160f0    0000003c     StackWrapper.a : osal.o (.text)
                  0001612c    0000003c                    : osal.o (.text)
                  00016168    0000003c                    : osal.o (.text)
                  000161a4    0000003c                    : osal_timers.o (.text)
                  000161e0    0000003c                    : sm_ecc.o (.text)
                  0001621c    0000003c     drivers_cc26x2.a : NVSCC26XX.oem4f (.text:checkEraseRange)
                  00016258    0000003c     rom_sysbios.aem4f : rom_sysbios.obj (.text:ti_sysbios_family_arm_m3_Hwi_construct2__E)
                  00016294    0000003a     StackWrapper.a : osal.o (.text)
                  000162ce    00000002     rf_multiMode_cc26x2.a : RFCC26X2_multiMode.c.cc26x2.ccs.o (.text:RF_defaultCallback)
                  000162d0    00000038     board_key.obj (.text:Board_keyCallback)
                  00016308    00000038     ti_drivers_config.obj (.text:Board_shutDownExtFlash)
                  00016340    00000038     OneLib.a : hci.o (.text)
                  00016378    00000038              : linkdb.o (.text)
                  000163b0    00000038              : ll_ae.o (.text)
                  000163e8    00000038              : ll_ae.o (.text)
                  00016420    00000038              : ll_common.o (.text)
                  00016458    00000038              : ll_enc.o (.text)
                  00016490    00000038              : ll_scheduler.o (.text)
                  000164c8    00000038              : sm_rsppairing.o (.text)
                  00016500    00000038     drivers_cc26x2.a : PINCC26XX.oem4f (.text:PIN_setConfig)
                  00016538    00000038     rf_multiMode_cc26x2.a : RFCC26X2_multiMode.c.cc26x2.ccs.o (.text:RF_checkCmdFsError)
                  00016570    00000038     rom_init.obj (.text:ROM_Init)
                  000165a8    00000038     simple_peripheral.obj (.text:SimplePeripheral_setPhy)
                  000165e0    00000038     StackWrapper.a : osal_timers.o (.text)
                  00016618    00000038     drivers_cc26x2.a : PowerCC26X2.oem4f (.text:notify)
                  00016650    00000038                      : UARTCC26XX.oem4f (.text:readData)
                  00016688    00000038     two_btn_menu.obj (.text:tbm_goTo)
                  000166c0    00000038     rom_sysbios.aem4f : rom_sysbios.obj (.text:ti_sysbios_family_arm_cc26xx_Timer_getCurrentTick__E)
                  000166f8    00000038     drivers_cc26x2.a : UARTCC26XX.oem4f (.text:writeData)
                  00016730    00000036     StackWrapper.a : ble_dispatch_lite.o (.text)
                  00016766    00000036     rom_sysbios.aem4f : rom_sysbios.obj (.text:ti_sysbios_family_arm_cc26xx_Timer_setNextTick__E)
                  0001679c    00000034     gattservapp_util.obj (.text:GATTServApp_InitCharCfg)
                  000167d0    00000034     drivers_cc26x2.a : GPTimerCC26XX.oem4f (.text:GPTimerCC26XXSetLoadMatch)
                  00016804    00000034                      : GPTimerCC26XX.oem4f (.text:GPTimerCC26XX_configureDebugStall)
                  00016838    00000034     icall.obj (.text:ICall_getMaxMSecs)
                  0001686c    00000034     icall.obj (.text:ICall_heapFree)
                  000168a0    00000034     icall.obj (.text:ICall_primEntityId2ServiceId)
                  000168d4    00000034     icall.obj (.text:ICall_searchServiceEntity)
                  00016908    00000034     driverlib.lib : aux_sysif.obj (.text:NOROM_AUXSYSIFOpModeChange)
                  0001693c    00000034                   : sys_ctrl.obj (.text:NOROM_SysCtrlIdle)
                  00016970    00000034     nvocmp.obj (.text:NVOCMP_verifyCRC)
                  000169a4    00000034     OneLib.a : hci.o (.text)
                  000169d8    00000034              : hci_tl.o (.text)
                  00016a0c    00000034              : ll_ae.o (.text)
                  00016a40    00000034              : ll_scheduler.o (.text)
                  00016a74    00000034              : ll_scheduler.o (.text)
                  00016aa8    00000034     rf_multiMode_cc26x2.a : RFCC26X2_multiMode.c.cc26x2.ccs.o (.text:RF_powerConstraintRelease)
                  00016adc    00000034                           : RFCC26X2_multiMode.c.cc26x2.ccs.o (.text:RF_runDirectImmediateCmd)
                  00016b10    00000034     simple_peripheral.obj (.text:SimplePeripheral_clockHandler)
                  00016b44    00000034     StackWrapper.a : gapbondmgr.o (.text)
                  00016b78    00000034                    : icall_startup.o (.text)
                  00016bac    00000034     util.obj (.text:Util_enqueueMsg)
                  00016be0    00000034     drivers_cc26x2.a : UARTCC26XX.oem4f (.text:readData2RingBuf)
                  00016c14    00000034     two_btn_menu.obj (.text:tbm_buttonLeft)
                  00016c48    00000034     two_btn_menu.obj (.text:tbm_findActiveItem)
                  00016c7c    00000034     rom_sysbios.aem4f : rom_sysbios.obj (.text:ti_sysbios_knl_Swi_setPri__E)
                  00016cb0    00000032     icall.obj (.text:ICall_fetchServiceMsg)
                  00016ce2    00000032     rom_sysbios.aem4f : rom_sysbios.obj (.text:ti_sysbios_gates_GateMutexPri_insertPri__I)
                  00016d14    00000030     drivers_cc26x2.a : AESECBCC26XX.oem4f (.text:AESECB_cleanup)
                  00016d44    00000030                      : GPIOCC26XX.oem4f (.text:GPIO_setCallback)
                  00016d74    00000030     icall.obj (.text:ICall_createRemoteTasks)
                  00016da4    00000030     icall.obj (.text:ICall_dispatch)
                  00016dd4    00000030     icall.obj (.text:ICall_msecs2Ticks)
                  00016e04    00000030     icall.obj (.text:ICall_searchTask)
                  00016e34    00000030     drivers_cc26x2.a : NVSCC26XX.oem4f (.text:NVSCC26XX_erase)
                  00016e64    00000030     OneLib.a : gattservapp.o (.text)
                  00016e94    00000030              : ll_scheduler.o (.text)
                  00016ec4    00000030     drivers_cc26x2.a : PINCC26XX.oem4f (.text:PINCC26XX_setMux)
                  00016ef4    00000030                      : PowerCC26X2.oem4f (.text:Power_releaseConstraint)
                  00016f24    00000030                      : PowerCC26X2.oem4f (.text:Power_setConstraint)
                  00016f54    00000030     simple_peripheral.obj (.text:SimplePeripheral_enqueueMsg)
                  00016f84    00000030     StackWrapper.a : osal_timers.o (.text)
                  00016fb4    00000030     drivers_cc26x2.a : TRNGCC26XX.oem4f (.text:TRNGCC26XX_fillEntropyPool)
                  00016fe4    00000030                      : TRNGCC26XX.oem4f (.text:TRNG_generateKey)
                  00017014    00000030     rf_multiMode_cc26x2.a : rf_patch_cpe_bt5.c.cc26x2.ccs.o (.text:applyBt5Patch)
                  00017044    00000030     simple_peripheral_app_pem4f.oem4f (.text:ti_sysbios_BIOS_atExitFunc__I)
                  00017074    00000030     simple_peripheral_app_pem4f.oem4f (.text:ti_sysbios_BIOS_startFunc__I)
                  000170a4    00000030     rom_sysbios.aem4f : rom_sysbios.obj (.text:ti_sysbios_family_arm_cc26xx_Timer_initDevice__I)
                  000170d4    00000030     simple_peripheral_app_pem4f.oem4f (.text:ti_sysbios_gates_GateMutexPri_Object__create__S)
                  00017104    00000030     simple_peripheral_app_pem4f.oem4f (.text:ti_sysbios_gates_GateMutexPri_create)
                  00017134    00000030     simple_peripheral_app_pem4f.oem4f (.text:ti_sysbios_heaps_HeapCallback_Object__create__S)
                  00017164    00000030     rom_sysbios.aem4f : rom_sysbios.obj (.text:ti_sysbios_knl_Clock_getTimeout__E)
                  00017194    0000002e     icall_cc2650.obj (.text:ICallPlatform_pwrDispenseImpl)
                  000171c2    0000002e     icall_cc2650.obj (.text:ICallPlatform_pwrRequireImpl)
                  000171f0    0000002e     OneLib.a : gattservapp.o (.text)
                  0001721e    00000002     StackWrapper.a : common_rom_init.o (.text)
                  00017220    0000002c     drivers_cc26x2.a : GPTimerCC26XX.oem4f (.text:GPTimerCC26XX_getTimerValue)
                  0001724c    0000002c     icall.obj (.text:ICall_getLocalMsgEntityId)
                  00017278    0000002c     icall.obj (.text:ICall_msgEnqueue)
                  000172a4    0000002c     nvocmp.obj (.text:NVOCMP_changePageState)
                  000172d0    0000002c     nvocmp.obj (.text:NVOCMP_setCompactHdr)
                  000172fc    0000002c     drivers_cc26x2.a : NVS.oem4f (.text:NVS_init)
                  00017328    0000002c     OneLib.a : gatt_task.o (.text)
                  00017354    0000002c              : gattservapp.o (.text)
                  00017380    0000002c     rf_multiMode_cc26x2.a : RFCC26X2_multiMode.c.cc26x2.ccs.o (.text:RF_executeDirectImmediateCmd)
                  000173ac    0000002c     dpl_cc26x2.a : SemaphoreP_tirtos.oem4f (.text:SemaphoreP_constructBinary)
                  000173d8    0000002c                  : SemaphoreP_tirtos.oem4f (.text:SemaphoreP_createBinary)
                  00017404    0000002c     simple_peripheral.obj (.text:SimplePeripheral_clearPendingParamUpdate)
                  00017430    0000002c     StackWrapper.a : hal_assert.o (.text)
                  0001745c    0000002c                    : osal_bufmgr.o (.text)
                  00017488    0000002c     drivers_cc26x2.a : TRNGCC26XX.oem4f (.text:TRNGCC26XX_stopTrng)
                  000174b4    0000002c     AM2302.obj (.text:init_mbx_Temp)
                  000174e0    0000002c     AM2302.obj (.text:init_sem_Temp)
                  0001750c    0000002c     two_btn_menu.obj (.text:tbm_initTwoBtnMenu)
                  00017538    0000002c     simple_peripheral_app_pem4f.oem4f (.text:ti_sysbios_gates_GateMutexPri_Handle__label__S)
                  00017564    0000002c     simple_peripheral_app_pem4f.oem4f (.text:ti_sysbios_heaps_HeapCallback_Handle__label__S)
                  00017590    0000002c     rom_sysbios.aem4f : rom_sysbios.obj (.text:ti_sysbios_knl_Clock_getTicksUntilInterrupt__E)
                  000175bc    0000002a     display.a : DisplayUart.oem4f (.text:DisplayUartAnsi_clear)
                  000175e6    0000002a               : Display.oem4f (.text:Display_doPrintf)
                  00017610    0000002a     drivers_cc26x2.a : List.oem4f (.text:List_insert)
                  0001763a    0000002a     rf_multiMode_cc26x2.a : RFCC26X2_multiMode.c.cc26x2.ccs.o (.text:RF_searchAndReplacePAOverride)
                  00017664    0000002a     simple_peripheral.obj (.text:SimplePeripheral_pairStateCb)
                  0001768e    00000002     StackWrapper.a : hal_assert.o (.text)
                  00017690    00000028     drivers_cc26x2.a : AESCTRCC26XX.oem4f (.text:AESCTR_cleanup)
                  000176b8    00000028     simple_gatt_profile.obj (.text:EnvironmentalSensing_GetParameter)
                  000176e0    00000028     gattservapp_util.obj (.text:GATTServApp_WriteCharCfg)
                  00017708    00000028     icall.obj (.text:ICall_init)
                  00017730    00000028     driverlib.lib : aes.obj (.text:NOROM_AESWaitForIRQFlags)
                  00017758    00000028     rf_multiMode_cc26x2.a : rfc.c.cc26x2.ccs.o (.text:NOROM_RFCOverrideSearch)
                  00017780    00000028     OneLib.a : gattservapp.o (.text)
                  000177a8    00000028              : ll_common.o (.text)
                  000177d0    00000028     drivers_cc26x2.a : PowerCC26X2.oem4f (.text:Power_registerNotify)
                  000177f8    00000028     rf_multiMode_cc26x2.a : RFCC26X2_multiMode.c.cc26x2.ccs.o (.text:RF_calculateDeltaTimeUs)
                  00017820    00000028                           : RFCC26X2_multiMode.c.cc26x2.ccs.o (.text:RF_runScheduleCmd)
                  00017848    00000028     StackWrapper.a : osal.o (.text)
[...]
20000fd2  rxFifoFlowCtrl                                                     
20000fd3  numTxDataBufs                                                      
20000fd4  maxNumConns                                                        
20000fd5  aeCurHandle                                                        
20000fd6  aeCurAdvEnableHandle                                               
20000fd7  aeCurConnHandle                                                    
20000fd8  extScanIndex                                                       
20000fd9  extInitIndex                                                       
20000fda  scanState                                                          
20000fdb  lastPrimPhy                                                        
20000fdc  lastScanRsp                                                        
20000fdd  smTaskID                                                           
20000fde  SM_appExpectingKey                                                 
200016bd  autoConnect                                                        
200016c4  dispHandle                                                         
20001750  spTask                                                             
20001860  PowerCC26X2_module                                                 
20001af4  ROM_stateStruct                                                    
20001af4  ti_sysbios_knl_Clock_Module__state__V                              
20001b20  ti_sysbios_family_arm_cc26xx_TimestampProvider_Module__state__V    
20001b24  xdc_runtime_Startup_Module__state__V                               
20001b2c  xdc_runtime_Registry_Module__state__V                              
20001b34  ti_sysbios_BIOS_Module__state__V                                   
20001b58  ti_sysbios_knl_Swi_Module__state__V                                
20001b74  ti_sysbios_knl_Task_Module__state__V                               
20001bb8  xdc_runtime_Memory_Module__state__V                                
20001bbc  xdc_runtime_System_Module__state__V                                
20001bc4  ti_sysbios_family_arm_m3_Hwi_Module__state__V                      
20001bf8  ti_sysbios_family_arm_cc26xx_Timer_Module__state__V                
20001cf8  gapAttrTbl                                                         
20001db0  ICall_enterCriticalSection                                         
20001db4  ICall_leaveCriticalSection                                         
20001dc4  heapmgrMemFreeTotal                                                
20001dd0  HEAPMGR_SIZE                                                       
20001dd4  ICall_dispatcher                                                   
20001e44  llUserConfig                                                       
20001eaa  gAction                                                            
20001eab  NVOCMP_size                                                        
20001ed8  NVOCMP_nvHandle                                                    
20001f08  pOverrides_bleCommon                                               
20001f5c  txPowerTable_2400_pa5                                              
20001fac  ti_sysbios_knl_Task_Object__table__V                               
20001ffc  appKeyChangeHandler                                                
20002000  hKeyPins                                                           
20002004  keyPinsCfg                                                         
20002010  keyPins                                                            
20002040  ti_sysbios_family_arm_cc26xx_Timer_Object__table__V                
20002088  gattAttrTbl                                                        
200020c8  sm_eccKeys_sc_host_debug                                           
20002108  eccParams_NISTP256                                                 
20002148  nvintfFncStruct                                                    
20002184  ti_sysbios_gates_GateMutex_Object__table__V                        
200021bc  ti_sysbios_knl_Swi_Module_State_0_readyQ__A                        
200021ec  ti_sysbios_knl_Swi_Object__table__V                                
2000221c  ti_sysbios_knl_Task_Module_State_0_readyQ__A                       
2000224c  _hposcCoeffs                                                       
20002290  ti_sysbios_knl_Clock_Object__table__V                              
200022b0  xdc_runtime_Error_IgnoreBlock                                      
200022d0  advParams1                                                         
200022ec  advParams2                                                         
20002308  ti_sysbios_family_arm_m3_Hwi_Object__table__V                      
20002320  advData1                                                           
20002335  advData2                                                           
2000234a  attDeviceName                                                      
2000235f  scanResData1                                                       
20002374  tbmRowItemLast                                                     
200023b0  pairMode                                                           
200023b1  mitm                                                               
200023b2  ioCap                                                              
200023b3  bonding                                                            
200023b4  secureConnection                                                   
200023b5  authenPairingOnly                                                  
200023b6  autoSyncWL                                                         
200023b7  eccReGenPolicy                                                     
200023b8  KeySize                                                            
200023b9  removeLRUBond                                                      
200023ba  KeyDistList                                                        
200023bb  eccDebugKeys                                                       
200023bc  allowDebugKeys                                                     
200023bd  eraseBondWhileInConn                                               
200023c0  gattAttrTbl_gatt_no_service_changed                                
200023d0  rfMode                                                             
200023e0  sizeInfo                                                           
200023f0  bleAppServiceInfoTable                                             
20002400  gpioCallbackFunctions                                              
20002410  gpioPinConfigs                                                     
20002420  pfnBMAlloc                                                         
20002424  pfnBMFree                                                          
20002428  pRfErrCb                                                           
2000242c  lastAppOpcodeIdxSent                                               
20002430  pOverrides_ble2Mbps                                                
20002440  pOverrides_bleCoded                                                
20002450  user0Cfg                                                           
2000247e  disconnectImmedConnId                                              
20002480  pOverrides_ble1Mbps                                                
2000248c  ti_sysbios_heaps_HeapCallback_Object__table__V                     
200024a1  deviceNameCharProps                                                
200024a2  llUserConfig_maxPduSize                                            
200024ac  _lock                                                              
200024b0  _unlock                                                            
200024b4  periConnParameters                                                 
200024bc  RFCC26XX_schedulerPolicy                                           
200024c4  bleUserCfg_maxPduSize                                              
200024c8  appAssertCback                                                     
200024cc  pinUpperBound                                                      
200024d0  pinLowerBound                                                      
200024dc  ti_sysbios_family_arm_m3_Hwi_Module__root__V                       
200024e4  ti_sysbios_gates_GateHwi_Module__root__V                           
200024ec  ti_sysbios_gates_GateMutexPri_Module__root__V                      
200024f4  ti_sysbios_gates_GateMutex_Module__root__V                         
200024fc  ti_sysbios_hal_Hwi_Module__root__V                                 
20002504  ti_sysbios_heaps_HeapCallback_Module__root__V                      
2000250c  ti_sysbios_heaps_HeapMem_Module__root__V                           
20002514  ti_sysbios_knl_Clock_Module__root__V                               
2000251c  ti_sysbios_knl_Event_Module__root__V                               
20002524  ti_sysbios_knl_Mailbox_Module__root__V                             
2000252c  ti_sysbios_knl_Queue_Module__root__V                               
20002534  ti_sysbios_knl_Semaphore_Module__root__V                           
2000253c  ti_sysbios_knl_Swi_Module__root__V                                 
20002544  ti_sysbios_knl_Task_Module__root__V                                
20002551  appearanceCharProps                                                
20002552  baseTaskID                                                         
20002554  patchedSlaveCtrlPktList                                            
20002558  halAssertCback                                                     
2000255c  icallServiceTblPtr                                                 
20002560  main_func_sp                                                       
20002564  pRandomAddress                                                     
20002568  ti_sysbios_family_arm_m3_Hwi_Module_State_0_excContext__A          
2000256c  ti_sysbios_family_arm_m3_Hwi_Module_State_0_excStack__A            
20002570  ti_sysbios_knl_Task_Module_State_0_idleTask__A                     
20002574  CryptoResourceCC26XX_pollingFlag                                   
20002576  PKAResourceCC26XX_pollingFlag                                      
2000257a  ti_sysbios_family_arm_m3_Hwi_Module_State_0_excActive__A           
2000257c  periConnParamCharProps                                             
2000257d  centAddrResCharProps                                               
2000257e  centAddrRes                                                        
2000257f  resolvablePrivateAddressOnlyCharProps                              
20002580  GATTServApp_gatt_no_service_changed                                
20002582  qosDefaultPriorityConnParameter                                    
20002583  extScanChanMap                                                     
20002584  sizeOfAllExtConnParam                                              
20002585  rfRatHandle                                                        
20002586  smAllowDebugKeysMode                                               
20002587  gapEndAppTaskID                                                    
20002588  gapAppTaskID                                                       
20002589  legacyMode                                                         
2000258a  argPeriodic                                                        
2000258b  argRpaRead                                                         
20002d98  spTaskStack                                                        
20003198  ti_sysbios_knl_Task_Instance_State_0_stack__A                      
20003498  uartCC26XXObjects                                                  
20003654  ti_sysbios_family_arm_m3_Hwi_dispatchTable                         
2000372c  trngCC26XXObjects                                                  
20003830  pinHandleTable                                                     
20003924  cbTimers                                                           
2000399c  spMenuMain                                                         
200039b0  spMenuAutoConnect                                                  
200039c4  spMenuSelectConn                                                   
200039d8  spMenuPerConn                                                      
200039ec  spMenuConnPhy                                                      
20003a00  aesctrdrbgXXObjects                                                
20003aa8  CryptoResourceCC26XX_accessSemaphore                               
20003af8  CryptoResourceCC26XX_operationSemaphore                            
20003b48  PKAResourceCC26XX_accessSemaphore                                  
20003b98  PKAResourceCC26XX_operationSemaphore                               
20003be8  gptimerCC26XXObjects                                               
20003c34  nvFptrs                                                            
20003cac  llCteSamples                                                       
20003cd0  req                                                                
20003cf0  gapBond_remoteOobData                                              
20003d10  gapBond_localOobData                                               
20003d90  ecdhCC26X2Objects                                                  
20003e04  CryptoResourceCC26XX_hwi                                           
20003e20  PKAResourceCC26XX_hwi                                              
20003e3c  deviceName                                                         
20003e54  llCoex                                                             
20003e6c  aesccmCC26XXObjects                                                
20003e84  aesctrCC26XXObjects                                                
20003e9c  aesecbCC26XXObjects                                                
20003eec  llCteTest                                                          
20003ef8  cteAntennaProp                                                     
20003f04  llTaskList                                                         
20003f1c  displayUartObject                                                  
20003f28  secondaryAdvChannelMap                                             
20003f30  llRfCmdPreemption                                                  
20003f40  ggs_AppCBs                                                         
20003f48  BDAddrPerConnHandle                                                
20003f4c  llCte                                                              
20003f50  llConnExtParam                                                     
20003f54  extStackSettings                                                   
20003f58  trngHandle                                                         
20003f5c  LSTORecoveryArr                                                    
20003f60  pNextAdvSet                                                        
20003f64  llCurrentMappedChan                                                
20003f68  drbgHandle                                                         
20003f6c  pRpaCfg                                                            
20003f70  gapBond_lruBondList                                                
20003f74  gapBondStateNodeHead                                               
20003f78  osal_syncHandle                                                    
20003f7c  osal_icallMsg_hook                                                 
20003f80  osal_qHead                                                         
20003f84  osal_max_msecs                                                     
20003f88  osal_tickperiod                                                    
20003f8c  osal_eventloop_hook                                                
20003f98  OSAL_timeSeconds                                                   
20003f9c  timerHead                                                          
20003fa4  osal_last_timestamp                                                
20003fb0  PowerCC26XX_swiKey                                                 
20003fb4  PowerCC26XX_taskKey                                                
20003fb8  nvsCC26XXObjects                                                   
20003fbc  tasksEvents                                                        
20003fc0  appearance                                                         
20003fc2  maximumPduSize                                                     
20003fc6  pwrmgr_attribute                                                   
20003fc8  resolvablePrivateAddressOnly                                       
20003fc9  GATTServApp_att_delayed_req                                        
20003fca  hciTaskID                                                          
20003fcb  hciL2capTaskID                                                     
20003fcc  hciGapTaskID                                                       
20003fcd  hciSmpTaskID                                                       
20003fce  hciTestTaskID                                                      
20003fcf  hciVsEvtMask                                                       
20003fd0  scanReqRpt                                                         
20003fd1  secondaryAdvChannelMapPopCount                                     
20003fd2  qosDefaultPriorityAdvParameter                                     
20003fd3  maxNumCteDataBufs                                                  
20003fd4  numActiveAdvSets                                                   
20003fd5  wlSize                                                             
20003fd6  rlSize                                                             
20003fd7  decryptResult                                                      
20003fd8  llUnhandleNextIntFlag                                              
20003fd9  smAuthenPairingOnlyMode                                            
20003fda  icall_liteTaskId                                                   
20003fdb  gapBond_removeLRUBond                                              
20003fdc  gapBond_syncRL                                                     
20003fdd  assertSubcause                                                     
20003fde  osal_entity                                                        
20003fdf  pwrmgr_initialized                                                 
20003fe1  driverlib_release_0_60278                                          
20003fe2  heapStart                                                          
20013c00  __stack                                                            
20013c00  heapEnd                                                            
20014000  __STACK_END                                                        
20014000  __STACK_TOP                                                        
20014000  __UNUSED_SRAM_end__                                                
e000e000  ti_sysbios_family_arm_m3_Hwi_nvic                                  
ffffffff  __TI_pprof_out_hndl                                                
ffffffff  __TI_prof_data_size                                                
ffffffff  __TI_prof_data_start                                               
ffffffff  __binit__                                                          
ffffffff  __c_args__                                                         
ffffffff  binit                                                              
UNDEFED   ITM_flush                                                          
UNDEFED   ITM_restore                                                        
UNDEFED   SHT$$INIT_ARRAY$$Base                                              
UNDEFED   SHT$$INIT_ARRAY$$Limit                                             

[3083 symbols]
